
Allocating common symbols
Common symbol       size              file

pok_idt             0x800             kernel/kernel.lo
pok_x86_pm_heap_end
                    0x4               kernel/kernel.lo
pok_multiboot_magic
                    0x4               kernel/kernel.lo
pok_x86_pm_heap_start
                    0x4               kernel/kernel.lo
pok_sched_next_major_frame
                    0x8               kernel/kernel.lo
pok_multiboot_info  0x4               kernel/kernel.lo
pit_freq            0x4               kernel/kernel.lo
pok_threads         0x24c             kernel/kernel.lo
pok_stack           0x4000            kernel/kernel.lo
pok_x86_pm_brk      0x4               kernel/kernel.lo
pok_sched_next_deadline
                    0x8               kernel/kernel.lo
pok_global_sched    0x4               kernel/kernel.lo
pok_partitions      0xb8              kernel/kernel.lo
pok_gdt             0x800             kernel/kernel.lo
pok_sched_next_flush
                    0x8               kernel/kernel.lo
g_cons              0x3               kernel/kernel.lo
pok_tss             0x68              kernel/kernel.lo
pok_partitions_lockobjs
                    0x80              kernel/kernel.lo
pok_current_partition
                    0x2               kernel/kernel.lo

Memory Configuration

Name             Origin             Length             Attributes
*default*        0x0000000000000000 0xffffffffffffffff

Linker script and memory map

                0x0000000000100000                . = 0x100000
                0x0000000000100000                __pok_begin = .

.text           0x0000000000100000     0x414e
 *(.multiboot)
 .multiboot     0x0000000000100000       0x14 kernel/kernel.lo
 *(.text)
 .text          0x0000000000100014     0x413a kernel/kernel.lo
                0x0000000000100014                pok_partition_setup_scheduler
                0x0000000000100084                pok_partition_setup_main_thread
                0x00000000001000ff                pok_partition_init
                0x00000000001002a2                pok_partition_set_mode
                0x0000000000100456                pok_partition_set_mode_current
                0x000000000010049b                pok_current_partition_get_id
                0x00000000001004af                pok_current_partition_get_period
                0x00000000001004d2                pok_current_partition_get_duration
                0x00000000001004f8                pok_current_partition_get_operating_mode
                0x0000000000100514                pok_current_partition_get_lock_level
                0x0000000000100530                pok_current_partition_get_start_condition
                0x000000000010054c                debug_strlen
                0x000000000010056b                pok_debug_print_current_state
                0x0000000000100849                pok_fatal
                0x000000000010088d                pok_lockobj_init
                0x00000000001008ae                pok_lockobj_create
                0x0000000000100943                pok_lockobj_partition_create
                0x0000000000100a11                pok_lockobj_eventsignal
                0x0000000000100a75                pok_lockobj_eventbroadcast
                0x0000000000100ace                pok_lockobj_lock
                0x0000000000100c1e                pok_lockobj_unlock
                0x0000000000100d19                pok_lockobj_eventwait
                0x0000000000100e1b                pok_lockobj_partition_wrapper
                0x0000000000100f25                pok_thread_init
                0x00000000001010c0                pok_partition_thread_create
                0x00000000001012b9                pok_thread_start
                0x00000000001012d3                pok_thread_sleep
                0x0000000000101317                pok_thread_suspend
                0x000000000010133c                pok_thread_delayed_start
                0x00000000001014cf                pok_thread_get_status
                0x000000000010155c                pok_thread_set_priority
                0x00000000001015af                pok_thread_resume
                0x0000000000101618                pok_thread_suspend_target
                0x0000000000101658                pok_sched_init
                0x00000000001016ff                pok_sched_get_priority_min
                0x0000000000101705                pok_sched_get_priority_max
                0x000000000010170b                pok_elect_partition
                0x000000000010176d                pok_elect_thread
                0x0000000000101976                pok_sched_context_switch
                0x00000000001019dc                pok_sched
                0x0000000000101a40                pok_sched_part_rr
                0x0000000000101acf                pok_sched_part_edf
                0x0000000000101c22                pok_sched_part_fifo
                0x0000000000101c28                pok_sched_unlock_thread
                0x0000000000101c38                pok_sched_lock_current_thread
                0x0000000000101c4a                pok_sched_lock_current_thread_timed
                0x0000000000101c70                pok_sched_stop_self
                0x0000000000101c9c                pok_sched_stop_thread
                0x0000000000101cac                pok_sched_end_period
                0x0000000000101cf1                pok_sched_get_current
                0x0000000000101d11                pok_time_init
                0x0000000000101d40                pok_core_syscall
                0x0000000000102466                pok_loader_load_partition
                0x0000000000102573                pok_boot
                0x00000000001025bb                pok_print_char
                0x00000000001025eb                pok_print_attr
                0x000000000010261b                pok_write
                0x000000000010265c                pok_print_init
                0x0000000000102674                memcpy
                0x000000000010269b                memset
                0x00000000001026bd                __udivdi3
                0x000000000010295f                vprintf
                0x0000000000102ac4                printf
                0x0000000000102aeb                strlen
                0x0000000000102b0a                strcmp
                0x0000000000102b4c                strncmp
                0x0000000000102ba8                pok_cons_attr
                0x0000000000102bb2                is_transmitter_holding_register
                0x0000000000102bbf                write_serial
                0x0000000000102bd6                pok_cons_print_char
                0x0000000000102d19                is_received_data_ready
                0x0000000000102d23                read_serial
                0x0000000000102d3b                pok_cons_get_char
                0x0000000000102d5a                pok_cons_clear
                0x0000000000102dbb                pok_cons_write
                0x0000000000102ebc                pok_cons_disable_cursor
                0x0000000000102ef0                pok_cons_init
                0x0000000000102f86                core_entry
                0x0000000000102f86                _core_entry
                0x0000000000102fa3                pok_bsp_init
                0x0000000000102fcd                pok_bsp_irq_acknowledge
                0x0000000000102ff3                pok_bsp_irq_register
                0x0000000000103030                pok_bsp_mem_alloc
                0x000000000010304f                pok_bsp_time_init
                0x000000000010306a                pok_pm_init
                0x0000000000103094                pok_pm_sbrk
                0x00000000001030a6                pok_pic_init
                0x0000000000103110                pok_pic_mask
                0x0000000000103169                pok_pic_unmask
                0x00000000001031c2                pok_pic_eoi
                0x00000000001031e1                pit_interrupt
                0x0000000000103206                pit_interrupt_handler
                0x000000000010327c                pok_x86_qemu_timer_init
                0x00000000001032e7                pok_arch_init
                0x000000000010330c                pok_arch_preempt_disable
                0x0000000000103313                pok_arch_preempt_enable
                0x000000000010331a                pok_arch_idle
                0x000000000010331d                pok_arch_event_register
                0x000000000010334d                pok_thread_stack_addr
                0x0000000000103369                tss_set_esp0
                0x0000000000103373                gdt_set_segment
                0x0000000000103457                gdt_set_system
                0x00000000001034ec                pok_tss_init
                0x0000000000103542                pok_gdt_init
                0x00000000001035c5                gdt_enable
                0x00000000001035d3                gdt_disable
                0x00000000001035e1                pok_idt_init
                0x0000000000103621                pok_event_init
                0x000000000010364b                pok_idt_set_gate
                0x00000000001036b8                pok_context_switch
                0x00000000001036cd                pok_context_create
                0x000000000010372b                pok_context_reset
                0x0000000000103783                pok_dispatch_space
                0x000000000010382d                pok_create_space
                0x0000000000103883                pok_space_switch
                0x00000000001038e3                pok_space_base_vaddr
                0x00000000001038e9                pok_space_context_create
                0x000000000010398b                syscall_gate
                0x00000000001039b4                syscall_gate_handler
                0x0000000000103a40                pok_syscall_init
                0x0000000000103a6d                update_tss
                0x0000000000103a82                exception_divide_error
                0x0000000000103aa7                exception_debug
                0x0000000000103acc                exception_nmi
                0x0000000000103af1                exception_breakpoint
                0x0000000000103b16                exception_overflow
                0x0000000000103b3b                exception_boundrange
                0x0000000000103b60                exception_invalidopcode
                0x0000000000103b85                exception_nomath_coproc
                0x0000000000103baa                exception_doublefault
                0x0000000000103bcc                exception_copseg_overrun
                0x0000000000103bf1                exception_invalid_tss
                0x0000000000103c13                exception_segment_not_present
                0x0000000000103c35                exception_stackseg_fault
                0x0000000000103c57                exception_general_protection
                0x0000000000103c79                exception_pagefault
                0x0000000000103c9b                exception_fpu_fault
                0x0000000000103cc0                exception_alignement_check
                0x0000000000103ce2                exception_machine_check
                0x0000000000103d07                exception_simd_fault
                0x0000000000103dd7                pok_exception_init
                0x0000000000103e19                exception_divide_error_handler
                0x0000000000103e39                exception_debug_handler
                0x0000000000103e65                exception_nmi_handler
                0x0000000000103e91                exception_breakpoint_handler
                0x0000000000103ebd                exception_overflow_handler
                0x0000000000103ee9                exception_boundrange_handler
                0x0000000000103f15                exception_invalidopcode_handler
                0x0000000000103f41                exception_nomath_coproc_handler
                0x0000000000103f6d                exception_doublefault_handler
                0x0000000000103f99                exception_copseg_overrun_handler
                0x0000000000103fc5                exception_invalid_tss_handler
                0x0000000000103ff1                exception_segment_not_present_handler
                0x000000000010401d                exception_stackseg_fault_handler
                0x0000000000104049                exception_general_protection_handler
                0x0000000000104075                exception_pagefault_handler
                0x00000000001040a1                exception_fpu_fault_handler
                0x00000000001040cd                exception_alignement_check_handler
                0x00000000001040f9                exception_machine_check_handler
                0x0000000000104122                exception_simd_fault_handler
 .text          0x000000000010414e        0x0 sizes.o

.iplt           0x0000000000104150        0x0
 .iplt          0x0000000000104150        0x0 kernel/kernel.lo

.rodata         0x0000000000104160      0x140
 *(.rodata)
 .rodata        0x0000000000104160      0x140 kernel/kernel.lo

.rodata.str1.1  0x00000000001042a0      0x527
 .rodata.str1.1
                0x00000000001042a0      0x527 kernel/kernel.lo
                                        0x589 (size before relaxing)

.rodata.str1.4  0x00000000001047c8       0xfc
 .rodata.str1.4
                0x00000000001047c8       0xfc kernel/kernel.lo
                                         0xfb (size before relaxing)

.eh_frame       0x00000000001048c4     0x17e0
 .eh_frame      0x00000000001048c4     0x17e0 kernel/kernel.lo
                                       0x1a80 (size before relaxing)

.rel.dyn        0x00000000001060a4        0x0
 .rel.iplt      0x00000000001060a4        0x0 kernel/kernel.lo
 .rel.text      0x00000000001060a4        0x0 kernel/kernel.lo

.data           0x00000000001060c0    0x34e8e
 *(.data)
 .data          0x00000000001060c0       0x40 kernel/kernel.lo
                0x00000000001060c0                current_thread
                0x00000000001060c4                pok_sched_slots_allocation
                0x00000000001060e0                pok_sched_slots
 .data          0x0000000000106100        0x8 sizes.o
                0x0000000000106100                part_sizes
 *(.bss)
 *fill*         0x0000000000106108       0x18 
 .bss           0x0000000000106120     0x2048 kernel/kernel.lo
                0x0000000000106120                pok_partitions_index
                0x0000000000106122                pok_sched_current_slot
                0x0000000000106128                pok_tick_counter
                0x0000000000106130                pok_print_attr_fn
                0x0000000000106134                pok_print_char_fn
 .bss           0x0000000000108168        0x0 sizes.o
 *(COMMON)
 *fill*         0x0000000000108168       0x18 
 COMMON         0x0000000000108180     0x5482 kernel/kernel.lo
                0x0000000000108180                pok_idt
                0x0000000000108980                pok_x86_pm_heap_end
                0x0000000000108984                pok_multiboot_magic
                0x0000000000108988                pok_x86_pm_heap_start
                0x0000000000108990                pok_sched_next_major_frame
                0x0000000000108998                pok_multiboot_info
                0x000000000010899c                pit_freq
                0x00000000001089a0                pok_threads
                0x0000000000108bf0                pok_stack
                0x000000000010cbf0                pok_x86_pm_brk
                0x000000000010cbf8                pok_sched_next_deadline
                0x000000000010cc00                pok_global_sched
                0x000000000010cc20                pok_partitions
                0x000000000010cce0                pok_gdt
                0x000000000010d4e0                pok_sched_next_flush
                0x000000000010d4e8                g_cons
                0x000000000010d500                pok_tss
                0x000000000010d580                pok_partitions_lockobjs
                0x000000000010d600                pok_current_partition
                0x000000000010d602                __archive_begin = .
 *(.archive)
                0x000000000010d602                __archive_end = .
                0x000000000010d602                __archive2_begin = .
 *(.archive2)
 .archive2      0x000000000010d602    0x2d94c sizes.o
                0x000000000013af4e                __archive2_end = .
                0x000000000013af4e                __pok_end = .
LOAD kernel/kernel.lo
LOAD sizes.o
OUTPUT(/home/handong/Desktop/pok/examples/semaphores/pok.elf elf32-i386)

.igot.plt       0x000000000013af50        0x0
 .igot.plt      0x000000000013af50        0x0 kernel/kernel.lo

.comment        0x0000000000000000       0x35
 .comment       0x0000000000000000       0x35 kernel/kernel.lo
                                        0xb9a (size before relaxing)
 .comment       0x0000000000000035       0x36 sizes.o

.note.GNU-stack
                0x0000000000000000        0x0
 .note.GNU-stack
                0x0000000000000000        0x0 kernel/kernel.lo
 .note.GNU-stack
                0x0000000000000000        0x0 sizes.o

.debug_aranges  0x0000000000000000      0x648
 .debug_aranges
                0x0000000000000000      0x630 kernel/kernel.lo
 .debug_aranges
                0x0000000000000630       0x18 sizes.o

.debug_info     0x0000000000000000     0x90f2
 .debug_info    0x0000000000000000     0x9077 kernel/kernel.lo
 .debug_info    0x0000000000009077       0x7b sizes.o

.debug_abbrev   0x0000000000000000     0x2953
 .debug_abbrev  0x0000000000000000     0x2908 kernel/kernel.lo
 .debug_abbrev  0x0000000000002908       0x4b sizes.o

.debug_line     0x0000000000000000     0x23a2
 .debug_line    0x0000000000000000     0x2322 kernel/kernel.lo
 .debug_line    0x0000000000002322       0x80 sizes.o

.debug_str      0x0000000000000000     0x2578
 .debug_str     0x0000000000000000     0x24ef kernel/kernel.lo
                                       0xb542 (size before relaxing)
 .debug_str     0x00000000000024ef       0x89 sizes.o
                                        0x107 (size before relaxing)

.debug_loc      0x0000000000000000     0x1f00
 .debug_loc     0x0000000000000000     0x1f00 kernel/kernel.lo

.debug_ranges   0x0000000000000000      0x158
 .debug_ranges  0x0000000000000000      0x158 kernel/kernel.lo
