Archive member included to satisfy reference by file (symbol)

/home/handong/Desktop/pok/examples/semaphores/pr1/../../..//libpok/libpok.a(arch.lo)
                              main.o (pok_do_syscall)
/home/handong/Desktop/pok/examples/semaphores/pr1/../../..//libpok/libpok.a(core.lo)
                              main.o (pok_sem_create)
/home/handong/Desktop/pok/examples/semaphores/pr1/../../..//libpok/libpok.a(libc.lo)
                              main.o (printf)

Allocating common symbols
Common symbol       size              file

pok_allocator_memspace
                    0x8000            /home/handong/Desktop/pok/examples/semaphores/pr1/../../..//libpok/libpok.a(core.lo)
errno               0x4               /home/handong/Desktop/pok/examples/semaphores/pr1/../../..//libpok/libpok.a(core.lo)
val                 0x2               activity.o
pok_allocator_spaces
                    0x4b0             /home/handong/Desktop/pok/examples/semaphores/pr1/../../..//libpok/libpok.a(core.lo)
sid                 0x2               main.o

Memory Configuration

Name             Origin             Length             Attributes
*default*        0x0000000000000000 0xffffffffffffffff

Linker script and memory map

                0x0000000000000000                . = 0x0
                0x0000000000000000                __partition_begin = .

.text           0x0000000000000000     0x145e
 *(.text)
 .text          0x0000000000000000      0x13a main.o
                0x0000000000000000                main
 .text          0x000000000000013a       0xc7 activity.o
                0x000000000000013a                pinger_job
                0x000000000000018a                pinger_job2
 .text          0x0000000000000201       0x14 /home/handong/Desktop/pok/examples/semaphores/pr1/../../..//libpok/libpok.a(arch.lo)
                0x0000000000000201                pok_arch_idle
                0x0000000000000204                pok_do_syscall
 .text          0x0000000000000215      0x906 /home/handong/Desktop/pok/examples/semaphores/pr1/../../..//libpok/libpok.a(core.lo)
                0x0000000000000215                pok_allocator_print_spaces
                0x000000000000027c                pok_allocator_allocate
                0x0000000000000466                pok_allocator_delete_space
                0x00000000000004c3                pok_allocator_merge_space
                0x0000000000000598                pok_allocator_free
                0x0000000000000697                pok_time_gettick
                0x00000000000006e9                pok_time_get
                0x0000000000000708                __pok_partition_start
                0x0000000000000728                pok_sem_create
                0x00000000000007ab                pok_sem_signal
                0x0000000000000814                pok_sem_status
                0x000000000000081a                pok_sem_wait
                0x0000000000000893                pok_thread_create
                0x00000000000008e5                pok_thread_attr_init
                0x000000000000092f                pok_thread_period
                0x0000000000000981                pok_thread_sleep
                0x00000000000009d3                pok_thread_status
                0x0000000000000a25                pok_thread_delayed_start
                0x0000000000000a77                pok_thread_set_priority
                0x0000000000000ac9                pok_thread_resume
 .text          0x0000000000000b1b      0x943 /home/handong/Desktop/pok/examples/semaphores/pr1/../../..//libpok/libpok.a(libc.lo)
                0x0000000000000e47                vprintf
                0x0000000000000fb3                printf
                0x0000000000000fda                itoa
                0x0000000000001077                atoi
                0x00000000000010bc                memcpy
                0x00000000000010e4                memset
                0x0000000000001106                memcmp
                0x0000000000001155                strcmp
                0x0000000000001197                strncmp
                0x00000000000011f3                strcpy
                0x0000000000001223                strncpy
                0x000000000000125d                streq
                0x0000000000001304                strlen
                0x0000000000001323                __udivdi3
                0x00000000000013cb                rand
                0x00000000000013fb                free
                0x000000000000141a                malloc
                0x0000000000001439                calloc

.iplt           0x0000000000001460        0x0
 .iplt          0x0000000000001460        0x0 main.o

.rodata         0x0000000000001460       0x7d
 *(.rodata)
 .rodata        0x0000000000001460       0x7d /home/handong/Desktop/pok/examples/semaphores/pr1/../../..//libpok/libpok.a(libc.lo)

.rodata.str1.4  0x00000000000014e0      0x2ec
 .rodata.str1.4
                0x00000000000014e0       0x76 main.o
 *fill*         0x0000000000001556        0x2 
 .rodata.str1.4
                0x0000000000001558       0x46 activity.o
 *fill*         0x000000000000159e        0x2 
 .rodata.str1.4
                0x00000000000015a0      0x22c /home/handong/Desktop/pok/examples/semaphores/pr1/../../..//libpok/libpok.a(core.lo)
                                        0x22b (size before relaxing)

.eh_frame       0x00000000000017cc      0x888
 .eh_frame      0x00000000000017cc       0x54 main.o
 .eh_frame      0x0000000000001820       0x80 activity.o
                                         0x98 (size before relaxing)
 .eh_frame      0x00000000000018a0       0x30 /home/handong/Desktop/pok/examples/semaphores/pr1/../../..//libpok/libpok.a(arch.lo)
                                         0x60 (size before relaxing)
 .eh_frame      0x00000000000018d0      0x350 /home/handong/Desktop/pok/examples/semaphores/pr1/../../..//libpok/libpok.a(core.lo)
                                        0x4b8 (size before relaxing)
 .eh_frame      0x0000000000001c20      0x434 /home/handong/Desktop/pok/examples/semaphores/pr1/../../..//libpok/libpok.a(libc.lo)
                                        0x59c (size before relaxing)

.rodata.str1.1  0x0000000000002054       0x3a
 .rodata.str1.1
                0x0000000000002054       0x3a activity.o

.rel.dyn        0x0000000000002090        0x0
 .rel.iplt      0x0000000000002090        0x0 main.o
 .rel.text      0x0000000000002090        0x0 main.o

.data           0x00000000000020a0     0x8590
 *(.data)
 .data          0x00000000000020a0        0x0 main.o
 .data          0x00000000000020a0        0x0 activity.o
 .data          0x00000000000020a0        0x0 /home/handong/Desktop/pok/examples/semaphores/pr1/../../..//libpok/libpok.a(arch.lo)
 .data          0x00000000000020a0        0x0 /home/handong/Desktop/pok/examples/semaphores/pr1/../../..//libpok/libpok.a(core.lo)
 .data          0x00000000000020a0        0x4 /home/handong/Desktop/pok/examples/semaphores/pr1/../../..//libpok/libpok.a(libc.lo)
 *(.bss)
 .bss           0x00000000000020a4        0x0 main.o
 .bss           0x00000000000020a4        0x0 activity.o
 .bss           0x00000000000020a4        0x0 /home/handong/Desktop/pok/examples/semaphores/pr1/../../..//libpok/libpok.a(arch.lo)
 .bss           0x00000000000020a4        0x8 /home/handong/Desktop/pok/examples/semaphores/pr1/../../..//libpok/libpok.a(core.lo)
                0x00000000000020a4                pok_allocator_initialized
                0x00000000000020a8                pok_allocator_used_spaces
 *fill*         0x00000000000020ac       0x14 
 .bss           0x00000000000020c0       0x84 /home/handong/Desktop/pok/examples/semaphores/pr1/../../..//libpok/libpok.a(libc.lo)
 *(COMMON)
 COMMON         0x0000000000002144        0x2 main.o
                0x0000000000002144                sid
 COMMON         0x0000000000002146        0x2 activity.o
                0x0000000000002146                val
 *fill*         0x0000000000002148       0x18 
 COMMON         0x0000000000002160     0x84d0 /home/handong/Desktop/pok/examples/semaphores/pr1/../../..//libpok/libpok.a(core.lo)
                0x0000000000002160                pok_allocator_memspace
                0x000000000000a160                errno
                0x000000000000a180                pok_allocator_spaces
                0x000000000000a630                __partition_end = .
LOAD main.o
LOAD activity.o
LOAD /home/handong/Desktop/pok/examples/semaphores/pr1/../../..//libpok/libpok.a
LOAD /home/handong/Desktop/pok/examples/semaphores/pr1/../../..//libpok//libpok.a
OUTPUT(pr1.elf elf32-i386)

.igot.plt       0x000000000000a630        0x0
 .igot.plt      0x000000000000a630        0x0 main.o

.debug_info     0x0000000000000000     0x4aa2
 .debug_info    0x0000000000000000      0x417 main.o
 .debug_info    0x0000000000000417      0x254 activity.o
 .debug_info    0x000000000000066b      0x322 /home/handong/Desktop/pok/examples/semaphores/pr1/../../..//libpok/libpok.a(arch.lo)
 .debug_info    0x000000000000098d     0x2bad /home/handong/Desktop/pok/examples/semaphores/pr1/../../..//libpok/libpok.a(core.lo)
 .debug_info    0x000000000000353a     0x1568 /home/handong/Desktop/pok/examples/semaphores/pr1/../../..//libpok/libpok.a(libc.lo)

.debug_abbrev   0x0000000000000000     0x19a1
 .debug_abbrev  0x0000000000000000       0xef main.o
 .debug_abbrev  0x00000000000000ef       0xc9 activity.o
 .debug_abbrev  0x00000000000001b8      0x10b /home/handong/Desktop/pok/examples/semaphores/pr1/../../..//libpok/libpok.a(arch.lo)
 .debug_abbrev  0x00000000000002c3      0xc4a /home/handong/Desktop/pok/examples/semaphores/pr1/../../..//libpok/libpok.a(core.lo)
 .debug_abbrev  0x0000000000000f0d      0xa94 /home/handong/Desktop/pok/examples/semaphores/pr1/../../..//libpok/libpok.a(libc.lo)

.debug_loc      0x0000000000000000     0x1212
 .debug_loc     0x0000000000000000       0x29 main.o
 .debug_loc     0x0000000000000029       0x31 activity.o
 .debug_loc     0x000000000000005a      0x1dd /home/handong/Desktop/pok/examples/semaphores/pr1/../../..//libpok/libpok.a(core.lo)
 .debug_loc     0x0000000000000237      0xfdb /home/handong/Desktop/pok/examples/semaphores/pr1/../../..//libpok/libpok.a(libc.lo)

.debug_aranges  0x0000000000000000      0x470
 .debug_aranges
                0x0000000000000000       0x20 main.o
 .debug_aranges
                0x0000000000000020       0x20 activity.o
 .debug_aranges
                0x0000000000000040       0x40 /home/handong/Desktop/pok/examples/semaphores/pr1/../../..//libpok/libpok.a(arch.lo)
 .debug_aranges
                0x0000000000000080      0x1f8 /home/handong/Desktop/pok/examples/semaphores/pr1/../../..//libpok/libpok.a(core.lo)
 .debug_aranges
                0x0000000000000278      0x1f8 /home/handong/Desktop/pok/examples/semaphores/pr1/../../..//libpok/libpok.a(libc.lo)

.debug_line     0x0000000000000000     0x197e
 .debug_line    0x0000000000000000      0x1e4 main.o
 .debug_line    0x00000000000001e4      0x1ed activity.o
 .debug_line    0x00000000000003d1       0xf4 /home/handong/Desktop/pok/examples/semaphores/pr1/../../..//libpok/libpok.a(arch.lo)
 .debug_line    0x00000000000004c5      0xb88 /home/handong/Desktop/pok/examples/semaphores/pr1/../../..//libpok/libpok.a(core.lo)
 .debug_line    0x000000000000104d      0x931 /home/handong/Desktop/pok/examples/semaphores/pr1/../../..//libpok/libpok.a(libc.lo)

.debug_str      0x0000000000000000     0x137d
 .debug_str     0x0000000000000000      0x8dd main.o
                                        0x921 (size before relaxing)
 .debug_str     0x00000000000008dd       0x4f activity.o
                                        0x3fc (size before relaxing)
 .debug_str     0x000000000000092c       0x7f /home/handong/Desktop/pok/examples/semaphores/pr1/../../..//libpok/libpok.a(arch.lo)
                                        0x8fb (size before relaxing)
 .debug_str     0x00000000000009ab      0x6b6 /home/handong/Desktop/pok/examples/semaphores/pr1/../../..//libpok/libpok.a(core.lo)
                                       0x7750 (size before relaxing)
 .debug_str     0x0000000000001061      0x31c /home/handong/Desktop/pok/examples/semaphores/pr1/../../..//libpok/libpok.a(libc.lo)
                                       0x1852 (size before relaxing)

.comment        0x0000000000000000       0x35
 .comment       0x0000000000000000       0x35 main.o
                                         0x36 (size before relaxing)
 .comment       0x0000000000000035       0x36 activity.o
 .comment       0x0000000000000035       0xd8 /home/handong/Desktop/pok/examples/semaphores/pr1/../../..//libpok/libpok.a(arch.lo)
 .comment       0x0000000000000035      0x798 /home/handong/Desktop/pok/examples/semaphores/pr1/../../..//libpok/libpok.a(core.lo)
 .comment       0x0000000000000035      0x360 /home/handong/Desktop/pok/examples/semaphores/pr1/../../..//libpok/libpok.a(libc.lo)

.note.GNU-stack
                0x0000000000000000        0x0
 .note.GNU-stack
                0x0000000000000000        0x0 main.o
 .note.GNU-stack
                0x0000000000000000        0x0 activity.o
 .note.GNU-stack
                0x0000000000000000        0x0 /home/handong/Desktop/pok/examples/semaphores/pr1/../../..//libpok/libpok.a(arch.lo)
 .note.GNU-stack
                0x0000000000000000        0x0 /home/handong/Desktop/pok/examples/semaphores/pr1/../../..//libpok/libpok.a(core.lo)
 .note.GNU-stack
                0x0000000000000000        0x0 /home/handong/Desktop/pok/examples/semaphores/pr1/../../..//libpok/libpok.a(libc.lo)

.debug_ranges   0x0000000000000000       0x30
 .debug_ranges  0x0000000000000000       0x30 /home/handong/Desktop/pok/examples/semaphores/pr1/../../..//libpok/libpok.a(libc.lo)
